// Jest Snapshot v1, https://goo.gl/fbAQLP

exports[`1.test CONTENT component render 1`] = `
<div
  className="container"
>
  <button
    className="item"
    onClick={[Function]}
    type="button"
    value="popular"
  >
    Trending
  </button>
  <button
    className="item"
    onClick={[Function]}
    type="button"
    value="top_rated"
  >
    Top Rated
  </button>
  <button
    className="item"
    onClick={[Function]}
    type="button"
    value="upcoming"
  >
    Coming Soon
  </button>
  <select
    className="item"
    onChange={[Function]}
  >
    <option
      value={28}
    >
      Action
    </option>
    <option
      value={12}
    >
      Adventure
    </option>
    <option
      value={16}
    >
      Animation
    </option>
    <option
      value={35}
    >
      Comedy
    </option>
    <option
      value={80}
    >
      Crime
    </option>
    <option
      value={99}
    >
      Documentary
    </option>
    <option
      value={18}
    >
      Drama
    </option>
    <option
      value={10751}
    >
      Family
    </option>
    <option
      value={14}
    >
      Fantasy
    </option>
    <option
      value={36}
    >
      History
    </option>
    <option
      value={27}
    >
      Horror
    </option>
    <option
      value={10402}
    >
      Music
    </option>
    <option
      value={9648}
    >
      Mystery
    </option>
    <option
      value={10749}
    >
      Romance
    </option>
    <option
      value={878}
    >
      Science Fiction
    </option>
    <option
      value={10770}
    >
      TV Movie
    </option>
    <option
      value={53}
    >
      Thriller
    </option>
    <option
      value={10752}
    >
      War
    </option>
    <option
      value={37}
    >
      Western
    </option>
  </select>
</div>
`;

exports[`CONTENT 1`] = `
<div
  className="container"
>
  <button
    className="item"
    onClick={[Function]}
    type="button"
    value="popular"
  >
    Trending
  </button>
  <button
    className="item"
    onClick={[Function]}
    type="button"
    value="top_rated"
  >
    Top Rated
  </button>
  <button
    className="item"
    onClick={[Function]}
    type="button"
    value="upcoming"
  >
    Coming Soon
  </button>
  <select
    className="item"
    onChange={[Function]}
  >
    <option
      value={28}
    >
      Action
    </option>
    <option
      value={12}
    >
      Adventure
    </option>
    <option
      value={16}
    >
      Animation
    </option>
    <option
      value={35}
    >
      Comedy
    </option>
    <option
      value={80}
    >
      Crime
    </option>
    <option
      value={99}
    >
      Documentary
    </option>
    <option
      value={18}
    >
      Drama
    </option>
    <option
      value={10751}
    >
      Family
    </option>
    <option
      value={14}
    >
      Fantasy
    </option>
    <option
      value={36}
    >
      History
    </option>
    <option
      value={27}
    >
      Horror
    </option>
    <option
      value={10402}
    >
      Music
    </option>
    <option
      value={9648}
    >
      Mystery
    </option>
    <option
      value={10749}
    >
      Romance
    </option>
    <option
      value={878}
    >
      Science Fiction
    </option>
    <option
      value={10770}
    >
      TV Movie
    </option>
    <option
      value={53}
    >
      Thriller
    </option>
    <option
      value={10752}
    >
      War
    </option>
    <option
      value={37}
    >
      Western
    </option>
  </select>
</div>
`;

exports[`test CONTENT component render 1`] = `
<div
  className="container"
>
  <button
    className="item"
    onClick={[Function]}
    type="button"
    value="popular"
  >
    Trending
  </button>
  <button
    className="item"
    onClick={[Function]}
    type="button"
    value="top_rated"
  >
    Top Rated
  </button>
  <button
    className="item"
    onClick={[Function]}
    type="button"
    value="upcoming"
  >
    Coming Soon
  </button>
  <select
    className="item"
    onChange={[Function]}
  >
    <option
      value={28}
    >
      Action
    </option>
    <option
      value={12}
    >
      Adventure
    </option>
    <option
      value={16}
    >
      Animation
    </option>
    <option
      value={35}
    >
      Comedy
    </option>
    <option
      value={80}
    >
      Crime
    </option>
    <option
      value={99}
    >
      Documentary
    </option>
    <option
      value={18}
    >
      Drama
    </option>
    <option
      value={10751}
    >
      Family
    </option>
    <option
      value={14}
    >
      Fantasy
    </option>
    <option
      value={36}
    >
      History
    </option>
    <option
      value={27}
    >
      Horror
    </option>
    <option
      value={10402}
    >
      Music
    </option>
    <option
      value={9648}
    >
      Mystery
    </option>
    <option
      value={10749}
    >
      Romance
    </option>
    <option
      value={878}
    >
      Science Fiction
    </option>
    <option
      value={10770}
    >
      TV Movie
    </option>
    <option
      value={53}
    >
      Thriller
    </option>
    <option
      value={10752}
    >
      War
    </option>
    <option
      value={37}
    >
      Western
    </option>
  </select>
</div>
`;
