// Jest Snapshot v1, https://goo.gl/fbAQLP

exports[`test POSTER component 1`] = `
<div
  className="curtian"
>
  <img
    alt="pic"
    className="poster"
    src="test-file-stub"
  />
</div>
`;
